
============================================================
LOCAL RAG SYSTEM
============================================================

Existing vector store found!
Do you want to:
1. Load existing vector store
2. Create new from PDFs

